
bin\Qt5WebKitWidgetsd.dll
bin\Qt5WebKitd.dll
bin\Qt5Cored.dll
bin\icuin52.dll
bin\icuuc52.dll
bin\icudt52.dll
bin\Qt5Quickd.dll
bin\Qt5Qmld.dll
bin\Qt5Networkd.dll
bin\Qt5Guid.dll
bin\Qt5Multimediad.dll
bin\Qt5Sqld.dll
bin\Qt5Positioningd.dll
bin\Qt5Sensorsd.dll
bin\Qt5Widgetsd.dll
bin\Qt5MultimediaWidgetsd.dll
bin\Qt5OpenGLd.dll
bin\Qt5PrintSupportd.dll
bin\Qt5Svgd.dll

plugins\platforms\qwindowsd.dll
plugins\imageformats\qddsd.dll
plugins\imageformats\qgifd.dll
plugins\imageformats\qicnsd.dll
plugins\imageformats\qicod.dll
plugins\imageformats\qjp2d.dll
plugins\imageformats\qjpegd.dll
plugins\imageformats\qmngd.dll
plugins\imageformats\qsvgd.dll
plugins\imageformats\qtgad.dll
plugins\imageformats\qtiffd.dll
plugins\imageformats\qwbmpd.dll
plugins\imageformats\qwebpd.dll
plugins\sensors\qtsensors_dummyd.dll
plugins\sensors\qtsensors_genericd.dll
plugins\bearer\qgenericbearerd.dll
plugins\bearer\qnativewifibearerd.dll

bin\Qt5WebKitWidgetsd.pdb
bin\Qt5WebKitd.pdb
bin\Qt5Cored.pdb
bin\Qt5Quickd.pdb
bin\Qt5Qmld.pdb
bin\Qt5Networkd.pdb
bin\Qt5Guid.pdb
bin\Qt5Multimediad.pdb
bin\Qt5Sqld.pdb
bin\Qt5Positioningd.pdb
bin\Qt5Sensorsd.pdb
bin\Qt5Widgetsd.pdb
bin\Qt5MultimediaWidgetsd.pdb
bin\Qt5OpenGLd.pdb
bin\Qt5PrintSupportd.pdb
bin\Qt5Svgd.pdb

plugins\platforms\qwindowsd.pdb
plugins\imageformats\qddsd.pdb
plugins\imageformats\qgifd.pdb
plugins\imageformats\qicnsd.pdb
plugins\imageformats\qicod.pdb
plugins\imageformats\qjp2d.pdb
plugins\imageformats\qjpegd.pdb
plugins\imageformats\qmngd.pdb
plugins\imageformats\qsvgd.pdb
plugins\imageformats\qtgad.pdb
plugins\imageformats\qtiffd.pdb
plugins\imageformats\qwbmpd.pdb
plugins\imageformats\qwebpd.pdb
plugins\sensors\qtsensors_dummyd.pdb
plugins\sensors\qtsensors_genericd.pdb
plugins\bearer\qgenericbearerd.pdb
plugins\bearer\qnativewifibearerd.pdb

